[2025-11-13 15:39:18] === Démarrage de l'application LanceurRaccourcis ===
[2025-11-13 15:39:21] Initialisation de TrayApplicationContext
[2025-11-13 15:39:22] Chargement de la configuration
[2025-11-13 15:39:23] Chemin des raccourcis chargé: C:\Users\ebadiou\OneDrive - SAVOYE\Documents\__PERSO__\____Raccourci____
[2025-11-13 15:39:28] Timer de sauvegarde automatique initialisé au démarrage.
[2025-11-13 15:39:30] Début du montage automatique des lecteurs réseau
[2025-11-13 15:39:30] Chargement de 17 lecteur(s) réseau depuis la configuration
[2025-11-13 15:39:30] Lecteur B: - ignoré (LancerDemarrage = false)
[2025-11-13 15:39:30] Lecteur B: - ignoré (LancerDemarrage = false)
[2025-11-13 15:39:30] Lecteur B: - ignoré (LancerDemarrage = false)
[2025-11-13 15:39:30] Lecteur E: - ignoré (LancerDemarrage = false)
[2025-11-13 15:39:30] Lecteur H: - ignoré (LancerDemarrage = false)
[2025-11-13 15:39:30] Lecteur J: - ignoré (LancerDemarrage = false)
[2025-11-13 15:39:32] Lecteur K: déjà monté
[2025-11-13 15:39:33] Lecteur L: déjà monté
[2025-11-13 15:39:33] Lecteur M: - ignoré (LancerDemarrage = false)
[2025-11-13 15:39:33] Lecteur T: - ignoré (LancerDemarrage = false)
[2025-11-13 15:39:33] Lecteur U: déjà monté
[2025-11-13 15:39:33] Lecteur W: - ignoré (LancerDemarrage = false)
[2025-11-13 15:39:33] Lecteur X: - ignoré (LancerDemarrage = false)
[2025-11-13 15:39:33] Lecteur Y: - ignoré (LancerDemarrage = false)
[2025-11-13 15:39:33] Lecteur Z: - ignoré (LancerDemarrage = false)
[2025-11-13 15:39:33] Lecteur Z: - ignoré (LancerDemarrage = false)
[2025-11-13 15:39:33] Lecteur Z: - ignoré (LancerDemarrage = false)
[2025-11-13 15:39:33] Montage automatique terminé - 0 lecteur(s) monté(s)
[2025-11-13 15:39:34] Construction du menu contextuel
[2025-11-13 15:39:34] Ajout des element de C:\Users\ebadiou\OneDrive - SAVOYE\Documents\__PERSO__\____Raccourci____
[2025-11-13 15:39:34] Ajout de 2 elements
[2025-11-13 15:39:35] Ajout de 7 elements
[2025-11-13 15:39:35] Ajout de 11 elements
[2025-11-13 15:39:35] Ajout de 3 elements
[2025-11-13 15:39:35] Ajout de 7 elements
[2025-11-13 15:39:35] Ajout de 8 elements
[2025-11-13 15:39:35] Ajout de 6 elements
[2025-11-13 15:39:35] Ajout de 4 elements
[2025-11-13 15:39:35] Ajout de 5 elements
[2025-11-13 15:39:35] Ajout de 4 elements
[2025-11-13 15:39:35] Ajout de 2 elements
[2025-11-13 15:39:35] Ajout de 2 elements
[2025-11-13 15:39:35] Ajout de séparateur
[2025-11-13 15:39:35] Configuration du FileSystemWatcher
[2025-11-13 15:39:35] FileSystemWatcher activé
[2025-11-13 15:39:36] MouseClick R: Affichage immédiat du menu contextuel.
[2025-11-13 15:39:38] Ouverture de l'outil de sauvegarde
[2025-11-13 16:02:43] === Démarrage de l'application LanceurRaccourcis ===
[2025-11-13 16:02:46] Initialisation de TrayApplicationContext
[2025-11-13 16:02:46] Chargement de la configuration
[2025-11-13 16:02:46] Chemin des raccourcis chargé: C:\Users\ebadiou\OneDrive - SAVOYE\Documents\__PERSO__\____Raccourci____
[2025-11-13 16:02:46] Timer de sauvegarde automatique initialisé au démarrage.
[2025-11-13 16:02:46] Début du montage automatique des lecteurs réseau
[2025-11-13 16:02:46] Chargement de 17 lecteur(s) réseau depuis la configuration
[2025-11-13 16:02:46] Lecteur B: - ignoré (LancerDemarrage = false)
[2025-11-13 16:02:46] Lecteur B: - ignoré (LancerDemarrage = false)
[2025-11-13 16:02:46] Lecteur B: - ignoré (LancerDemarrage = false)
[2025-11-13 16:02:46] Lecteur E: - ignoré (LancerDemarrage = false)
[2025-11-13 16:02:46] Lecteur H: - ignoré (LancerDemarrage = false)
[2025-11-13 16:02:46] Lecteur J: - ignoré (LancerDemarrage = false)
[2025-11-13 16:02:57] Lecteur K: déjà monté
[2025-11-13 16:02:58] Lecteur L: déjà monté
[2025-11-13 16:02:58] Lecteur M: - ignoré (LancerDemarrage = false)
[2025-11-13 16:02:58] Lecteur T: - ignoré (LancerDemarrage = false)
[2025-11-13 16:02:59] Lecteur U: déjà monté
[2025-11-13 16:02:59] Lecteur W: - ignoré (LancerDemarrage = false)
[2025-11-13 16:02:59] Lecteur X: - ignoré (LancerDemarrage = false)
[2025-11-13 16:02:59] Lecteur Y: - ignoré (LancerDemarrage = false)
[2025-11-13 16:02:59] Lecteur Z: - ignoré (LancerDemarrage = false)
[2025-11-13 16:02:59] Lecteur Z: - ignoré (LancerDemarrage = false)
[2025-11-13 16:02:59] Lecteur Z: - ignoré (LancerDemarrage = false)
[2025-11-13 16:02:59] Montage automatique terminé - 0 lecteur(s) monté(s)
[2025-11-13 16:02:59] Construction du menu contextuel
[2025-11-13 16:02:59] Ajout des element de C:\Users\ebadiou\OneDrive - SAVOYE\Documents\__PERSO__\____Raccourci____
[2025-11-13 16:02:59] Ajout de 2 elements
[2025-11-13 16:02:59] Ajout de 7 elements
[2025-11-13 16:02:59] Ajout de 11 elements
[2025-11-13 16:02:59] Ajout de 3 elements
[2025-11-13 16:02:59] Ajout de 7 elements
[2025-11-13 16:03:00] Ajout de 8 elements
[2025-11-13 16:03:00] Ajout de 6 elements
[2025-11-13 16:03:00] Ajout de 4 elements
[2025-11-13 16:03:00] Ajout de 5 elements
[2025-11-13 16:03:00] Ajout de 4 elements
[2025-11-13 16:03:00] Ajout de 2 elements
[2025-11-13 16:03:00] Ajout de 2 elements
[2025-11-13 16:03:00] Ajout de séparateur
[2025-11-13 16:03:00] Configuration du FileSystemWatcher
[2025-11-13 16:03:00] FileSystemWatcher activé
[2025-11-13 16:03:00] MouseClick R: Affichage immédiat du menu contextuel.
[2025-11-13 16:03:31] MouseClick R: Affichage immédiat du menu contextuel.
[2025-11-13 16:03:33] Ouverture de l'outil de sauvegarde
[2025-11-13 16:04:25] MouseClick R: Affichage immédiat du menu contextuel.
[2025-11-13 16:04:26] Ouverture de l'outil de sauvegarde
[2025-11-13 16:06:51] === Démarrage de l'application LanceurRaccourcis ===
[2025-11-13 16:06:53] Initialisation de TrayApplicationContext
[2025-11-13 16:06:54] Chargement de la configuration
[2025-11-13 16:06:54] Chemin des raccourcis chargé: C:\Users\ebadiou\OneDrive - SAVOYE\Documents\__PERSO__\____Raccourci____
[2025-11-13 16:07:12] Timer de sauvegarde automatique initialisé au démarrage.
[2025-11-13 16:07:14] Début du montage automatique des lecteurs réseau
[2025-11-13 16:07:14] Chargement de 17 lecteur(s) réseau depuis la configuration
[2025-11-13 16:07:14] Lecteur B: - ignoré (LancerDemarrage = false)
[2025-11-13 16:07:14] Lecteur B: - ignoré (LancerDemarrage = false)
[2025-11-13 16:07:14] Lecteur B: - ignoré (LancerDemarrage = false)
[2025-11-13 16:07:14] Lecteur E: - ignoré (LancerDemarrage = false)
[2025-11-13 16:07:14] Lecteur H: - ignoré (LancerDemarrage = false)
[2025-11-13 16:07:14] Lecteur J: - ignoré (LancerDemarrage = false)
[2025-11-13 16:07:16] Lecteur K: déjà monté
[2025-11-13 16:07:17] Lecteur L: déjà monté
[2025-11-13 16:07:17] Lecteur M: - ignoré (LancerDemarrage = false)
[2025-11-13 16:07:17] Lecteur T: - ignoré (LancerDemarrage = false)
[2025-11-13 16:07:18] Lecteur U: déjà monté
[2025-11-13 16:07:18] Lecteur W: - ignoré (LancerDemarrage = false)
[2025-11-13 16:07:18] Lecteur X: - ignoré (LancerDemarrage = false)
[2025-11-13 16:07:18] Lecteur Y: - ignoré (LancerDemarrage = false)
[2025-11-13 16:07:18] Lecteur Z: - ignoré (LancerDemarrage = false)
[2025-11-13 16:07:18] Lecteur Z: - ignoré (LancerDemarrage = false)
[2025-11-13 16:07:18] Lecteur Z: - ignoré (LancerDemarrage = false)
[2025-11-13 16:07:18] Montage automatique terminé - 0 lecteur(s) monté(s)
[2025-11-13 16:07:22] Construction du menu contextuel
[2025-11-13 16:07:22] Ajout des element de C:\Users\ebadiou\OneDrive - SAVOYE\Documents\__PERSO__\____Raccourci____
[2025-11-13 16:07:22] Ajout de 2 elements
[2025-11-13 16:07:23] Ajout de 7 elements
[2025-11-13 16:07:23] Ajout de 11 elements
[2025-11-13 16:07:23] Ajout de 3 elements
[2025-11-13 16:07:23] Ajout de 7 elements
[2025-11-13 16:07:23] Ajout de 8 elements
[2025-11-13 16:07:23] Ajout de 6 elements
[2025-11-13 16:07:23] Ajout de 4 elements
[2025-11-13 16:07:23] Ajout de 5 elements
[2025-11-13 16:07:23] Ajout de 4 elements
[2025-11-13 16:07:23] Ajout de 2 elements
[2025-11-13 16:07:23] Ajout de 2 elements
[2025-11-13 16:07:23] Ajout de séparateur
[2025-11-13 16:07:25] Configuration du FileSystemWatcher
[2025-11-13 16:07:25] FileSystemWatcher activé
[2025-11-13 16:07:33] MouseClick R: Affichage immédiat du menu contextuel.
[2025-11-13 16:07:34] Ouverture de l'outil de sauvegarde
[2025-11-13 16:07:36] BackupForm → Fenêtre masquée, le timer continue à tourner.
[2025-11-13 16:08:57] === Démarrage de l'application LanceurRaccourcis ===
[2025-11-13 16:09:00] Initialisation de TrayApplicationContext
[2025-11-13 16:09:02] Chargement de la configuration
[2025-11-13 16:09:02] Chemin des raccourcis chargé: C:\Users\ebadiou\OneDrive - SAVOYE\Documents\__PERSO__\____Raccourci____
[2025-11-13 16:09:33] Timer de sauvegarde automatique initialisé au démarrage.
[2025-11-13 16:09:34] Début du montage automatique des lecteurs réseau
[2025-11-13 16:09:34] Chargement de 17 lecteur(s) réseau depuis la configuration
[2025-11-13 16:09:34] Lecteur B: - ignoré (LancerDemarrage = false)
[2025-11-13 16:09:34] Lecteur B: - ignoré (LancerDemarrage = false)
[2025-11-13 16:09:34] Lecteur B: - ignoré (LancerDemarrage = false)
[2025-11-13 16:09:34] Lecteur E: - ignoré (LancerDemarrage = false)
[2025-11-13 16:09:34] Lecteur H: - ignoré (LancerDemarrage = false)
[2025-11-13 16:09:34] Lecteur J: - ignoré (LancerDemarrage = false)
[2025-11-13 16:09:36] Lecteur K: déjà monté
[2025-11-13 16:09:37] Lecteur L: déjà monté
[2025-11-13 16:09:37] Lecteur M: - ignoré (LancerDemarrage = false)
[2025-11-13 16:09:37] Lecteur T: - ignoré (LancerDemarrage = false)
[2025-11-13 16:09:38] Lecteur U: déjà monté
[2025-11-13 16:09:38] Lecteur W: - ignoré (LancerDemarrage = false)
[2025-11-13 16:09:38] Lecteur X: - ignoré (LancerDemarrage = false)
[2025-11-13 16:09:38] Lecteur Y: - ignoré (LancerDemarrage = false)
[2025-11-13 16:09:38] Lecteur Z: - ignoré (LancerDemarrage = false)
[2025-11-13 16:09:38] Lecteur Z: - ignoré (LancerDemarrage = false)
[2025-11-13 16:09:38] Lecteur Z: - ignoré (LancerDemarrage = false)
[2025-11-13 16:09:38] Montage automatique terminé - 0 lecteur(s) monté(s)
[2025-11-13 16:09:47] Construction du menu contextuel
[2025-11-13 16:09:47] Ajout des element de C:\Users\ebadiou\OneDrive - SAVOYE\Documents\__PERSO__\____Raccourci____
[2025-11-13 16:09:47] Ajout de 2 elements
[2025-11-13 16:09:47] Ajout de 7 elements
[2025-11-13 16:09:47] Ajout de 11 elements
[2025-11-13 16:09:47] Ajout de 3 elements
[2025-11-13 16:09:47] Ajout de 7 elements
[2025-11-13 16:09:47] Ajout de 8 elements
[2025-11-13 16:09:47] Ajout de 6 elements
[2025-11-13 16:09:47] Ajout de 4 elements
[2025-11-13 16:09:47] Ajout de 5 elements
[2025-11-13 16:09:47] Ajout de 4 elements
[2025-11-13 16:09:47] Ajout de 2 elements
[2025-11-13 16:09:47] Ajout de 2 elements
[2025-11-13 16:09:47] Ajout de séparateur
[2025-11-13 16:09:47] Configuration du FileSystemWatcher
[2025-11-13 16:09:47] FileSystemWatcher activé
[2025-11-13 16:12:47] MouseClick R: Affichage immédiat du menu contextuel.
[2025-11-13 16:12:48] Ouverture de l'outil de sauvegarde
[2025-11-13 16:12:50] BackupForm → Fenêtre masquée, le timer continue à tourner.
[2025-11-13 16:39:26] === Démarrage de l'application LanceurRaccourcis ===
[2025-11-13 16:39:29] Initialisation de TrayApplicationContext
[2025-11-13 16:39:30] Chargement de la configuration
[2025-11-13 16:39:31] Chemin des raccourcis chargé: C:\Users\ebadiou\OneDrive - SAVOYE\Documents\__PERSO__\____Raccourci____
[2025-11-13 16:39:33] Timer de sauvegarde automatique initialisé au démarrage.
[2025-11-13 16:39:33] Début du montage automatique des lecteurs réseau
[2025-11-13 16:39:33] Chargement de 17 lecteur(s) réseau depuis la configuration
[2025-11-13 16:39:33] Lecteur B: - ignoré (LancerDemarrage = false)
[2025-11-13 16:39:33] Lecteur B: - ignoré (LancerDemarrage = false)
[2025-11-13 16:39:33] Lecteur B: - ignoré (LancerDemarrage = false)
[2025-11-13 16:39:33] Lecteur E: - ignoré (LancerDemarrage = false)
[2025-11-13 16:39:33] Lecteur H: - ignoré (LancerDemarrage = false)
[2025-11-13 16:39:33] Lecteur J: - ignoré (LancerDemarrage = false)
[2025-11-13 16:39:35] Lecteur K: déjà monté
[2025-11-13 16:39:36] Lecteur L: déjà monté
[2025-11-13 16:39:36] Lecteur M: - ignoré (LancerDemarrage = false)
[2025-11-13 16:39:36] Lecteur T: - ignoré (LancerDemarrage = false)
[2025-11-13 16:39:37] Lecteur U: déjà monté
[2025-11-13 16:39:37] Lecteur W: - ignoré (LancerDemarrage = false)
[2025-11-13 16:39:37] Lecteur X: - ignoré (LancerDemarrage = false)
[2025-11-13 16:39:37] Lecteur Y: - ignoré (LancerDemarrage = false)
[2025-11-13 16:39:37] Lecteur Z: - ignoré (LancerDemarrage = false)
[2025-11-13 16:39:37] Lecteur Z: - ignoré (LancerDemarrage = false)
[2025-11-13 16:39:37] Lecteur Z: - ignoré (LancerDemarrage = false)
[2025-11-13 16:39:37] Montage automatique terminé - 0 lecteur(s) monté(s)
[2025-11-13 16:39:37] Construction du menu contextuel
[2025-11-13 16:39:37] Ajout des element de C:\Users\ebadiou\OneDrive - SAVOYE\Documents\__PERSO__\____Raccourci____
[2025-11-13 16:39:37] Ajout de 2 elements
[2025-11-13 16:39:38] Ajout de 7 elements
[2025-11-13 16:39:38] Ajout de 11 elements
[2025-11-13 16:39:38] Ajout de 3 elements
[2025-11-13 16:39:38] Ajout de 7 elements
[2025-11-13 16:39:38] Ajout de 8 elements
[2025-11-13 16:39:38] Ajout de 6 elements
[2025-11-13 16:39:38] Ajout de 4 elements
[2025-11-13 16:39:38] Ajout de 5 elements
[2025-11-13 16:39:38] Ajout de 4 elements
[2025-11-13 16:39:38] Ajout de 2 elements
[2025-11-13 16:39:38] Ajout de 2 elements
[2025-11-13 16:39:38] Ajout de séparateur
[2025-11-13 16:39:38] Configuration du FileSystemWatcher
[2025-11-13 16:39:38] FileSystemWatcher activé
[2025-11-13 16:40:16] MouseClick R: Affichage immédiat du menu contextuel.
[2025-11-13 16:44:18] MouseClick R: Affichage immédiat du menu contextuel.
[2025-11-13 16:44:20] Ouverture de l'outil de sauvegarde
[2025-11-13 16:44:23] BackupForm → Fenêtre masquée, le timer continue à tourner.
[2025-11-13 16:44:45] MouseClick R: Affichage immédiat du menu contextuel.
[2025-11-13 16:44:46] Fermeture de l'application demandée
[2025-11-13 16:44:46] === Arrêt de l'application ===
[2025-11-13 16:51:44] === Démarrage de l'application LanceurRaccourcis ===
[2025-11-13 16:51:46] Initialisation de TrayApplicationContext
[2025-11-13 16:51:46] Chargement de la configuration
[2025-11-13 16:51:47] Chemin des raccourcis chargé: C:\Users\ebadiou\OneDrive - SAVOYE\Documents\__PERSO__\____Raccourci____
[2025-11-13 16:51:47] Timer de sauvegarde automatique initialisé au démarrage.
[2025-11-13 16:51:47] Début du montage automatique des lecteurs réseau
[2025-11-13 16:51:47] Chargement de 17 lecteur(s) réseau depuis la configuration
[2025-11-13 16:51:47] Lecteur B: - ignoré (LancerDemarrage = false)
[2025-11-13 16:51:47] Lecteur B: - ignoré (LancerDemarrage = false)
[2025-11-13 16:51:47] Lecteur B: - ignoré (LancerDemarrage = false)
[2025-11-13 16:51:47] Lecteur E: - ignoré (LancerDemarrage = false)
[2025-11-13 16:51:47] Lecteur H: - ignoré (LancerDemarrage = false)
[2025-11-13 16:51:47] Lecteur J: - ignoré (LancerDemarrage = false)
[2025-11-13 16:51:49] Lecteur K: déjà monté
[2025-11-13 16:51:50] Lecteur L: déjà monté
[2025-11-13 16:51:50] Lecteur M: - ignoré (LancerDemarrage = false)
[2025-11-13 16:51:50] Lecteur T: - ignoré (LancerDemarrage = false)
[2025-11-13 16:51:51] Lecteur U: déjà monté
[2025-11-13 16:51:51] Lecteur W: - ignoré (LancerDemarrage = false)
[2025-11-13 16:51:51] Lecteur X: - ignoré (LancerDemarrage = false)
[2025-11-13 16:51:51] Lecteur Y: - ignoré (LancerDemarrage = false)
[2025-11-13 16:51:51] Lecteur Z: - ignoré (LancerDemarrage = false)
[2025-11-13 16:51:51] Lecteur Z: - ignoré (LancerDemarrage = false)
[2025-11-13 16:51:51] Lecteur Z: - ignoré (LancerDemarrage = false)
[2025-11-13 16:51:51] Montage automatique terminé - 0 lecteur(s) monté(s)
[2025-11-13 16:51:51] Construction du menu contextuel
[2025-11-13 16:51:51] Ajout des element de C:\Users\ebadiou\OneDrive - SAVOYE\Documents\__PERSO__\____Raccourci____
[2025-11-13 16:51:51] Ajout de 2 elements
[2025-11-13 16:51:52] Ajout de 7 elements
[2025-11-13 16:51:52] Ajout de 11 elements
[2025-11-13 16:51:52] Ajout de 3 elements
[2025-11-13 16:51:52] Ajout de 7 elements
[2025-11-13 16:51:52] Ajout de 8 elements
[2025-11-13 16:51:52] Ajout de 6 elements
[2025-11-13 16:51:52] Ajout de 4 elements
[2025-11-13 16:51:52] Ajout de 5 elements
[2025-11-13 16:51:52] Ajout de 4 elements
[2025-11-13 16:51:52] Ajout de 2 elements
[2025-11-13 16:51:52] Ajout de 2 elements
[2025-11-13 16:51:52] Ajout de séparateur
[2025-11-13 16:51:52] Configuration du FileSystemWatcher
[2025-11-13 16:51:52] FileSystemWatcher activé
[2025-11-13 16:51:53] MouseClick R: Affichage immédiat du menu contextuel.
[2025-11-13 16:51:54] Ouverture de l'outil de sauvegarde
[2025-11-13 16:52:13] Programme exécuté avec succès:
lancerkelio.bat
[2025-11-13 16:52:30] Programme exécuté avec succès:
lancerkelio.bat
[2025-11-13 16:53:30] Sauvegarde copiée avec succès:
test_copie_origine

Vers:
C:\TEMP\test_copie_fin
[2025-11-13 16:53:30] BackupForm → Fenêtre masquée, le timer continue à tourner.
[2025-11-13 16:53:33] MouseClick R: Affichage immédiat du menu contextuel.
[2025-11-13 16:53:34] Ouverture de l'outil de sauvegarde
[2025-11-13 16:53:36] BackupForm → Fenêtre masquée, le timer continue à tourner.
