[2025-11-12 16:33:07] === Démarrage de l'application LanceurRaccourcis ===
[2025-11-12 16:44:27] === Démarrage de l'application LanceurRaccourcis ===
[2025-11-12 16:45:42] === Démarrage de l'application LanceurRaccourcis ===
[2025-11-12 16:49:32] === Démarrage de l'application LanceurRaccourcis ===
[2025-11-12 16:50:16] Initialisation de TrayApplicationContext
[2025-11-12 16:50:16] Chargement de la configuration
[2025-11-12 16:50:16] Chemin des raccourcis chargé: C:\Users\ebadiou\OneDrive - SAVOYE\Documents\__PERSO__\____Raccourci____
[2025-11-12 16:50:16] Début du montage automatique des lecteurs réseau
[2025-11-12 16:50:16] Chargement de 17 lecteur(s) réseau depuis la configuration
[2025-11-12 16:50:16] Lecteur B: - ignoré (LancerDemarrage = false)
[2025-11-12 16:50:16] Lecteur B: - ignoré (LancerDemarrage = false)
[2025-11-12 16:50:16] Lecteur B: - ignoré (LancerDemarrage = false)
[2025-11-12 16:50:16] Lecteur E: - ignoré (LancerDemarrage = false)
[2025-11-12 16:50:16] Lecteur H: - ignoré (LancerDemarrage = false)
[2025-11-12 16:50:16] Lecteur J: - ignoré (LancerDemarrage = false)
[2025-11-12 16:50:32] === Démarrage de l'application LanceurRaccourcis ===
[2025-11-12 16:51:18] Initialisation de TrayApplicationContext
[2025-11-12 16:51:18] Chargement de la configuration
[2025-11-12 16:51:18] Chemin des raccourcis chargé: C:\Users\ebadiou\OneDrive - SAVOYE\Documents\__PERSO__\____Raccourci____
[2025-11-12 16:51:18] Début du montage automatique des lecteurs réseau
[2025-11-12 16:51:18] Chargement de 17 lecteur(s) réseau depuis la configuration
[2025-11-12 16:51:18] Lecteur B: - ignoré (LancerDemarrage = false)
[2025-11-12 16:51:18] Lecteur B: - ignoré (LancerDemarrage = false)
[2025-11-12 16:51:18] Lecteur B: - ignoré (LancerDemarrage = false)
[2025-11-12 16:51:18] Lecteur E: - ignoré (LancerDemarrage = false)
[2025-11-12 16:51:18] Lecteur H: - ignoré (LancerDemarrage = false)
[2025-11-12 16:51:18] Lecteur J: - ignoré (LancerDemarrage = false)
[2025-11-12 16:51:20] Lecteur K: déjà monté
[2025-11-12 16:51:21] Lecteur L: déjà monté
[2025-11-12 16:51:21] Lecteur M: - ignoré (LancerDemarrage = false)
[2025-11-12 16:51:21] Lecteur T: - ignoré (LancerDemarrage = false)
[2025-11-12 17:52:54] === Démarrage de l'application LanceurRaccourcis ===
[2025-11-12 17:52:54] Initialisation de TrayApplicationContext
[2025-11-12 17:52:54] Chargement de la configuration
[2025-11-12 17:52:55] Chemin des raccourcis chargé: C:\Users\ebadiou\OneDrive - SAVOYE\Documents\__PERSO__\____Raccourci____
[2025-11-12 17:52:55] Début du montage automatique des lecteurs réseau
[2025-11-12 17:52:55] Chargement de 17 lecteur(s) réseau depuis la configuration
[2025-11-12 17:52:55] Lecteur B: - ignoré (LancerDemarrage = false)
[2025-11-12 17:52:55] Lecteur B: - ignoré (LancerDemarrage = false)
[2025-11-12 17:52:55] Lecteur B: - ignoré (LancerDemarrage = false)
[2025-11-12 17:52:55] Lecteur E: - ignoré (LancerDemarrage = false)
[2025-11-12 17:52:55] Lecteur H: - ignoré (LancerDemarrage = false)
[2025-11-12 17:52:55] Lecteur J: - ignoré (LancerDemarrage = false)
[2025-11-12 17:52:58] Lecteur K: déjà monté
[2025-11-12 17:52:58] Lecteur L: déjà monté
[2025-11-12 17:52:58] Lecteur M: - ignoré (LancerDemarrage = false)
[2025-11-12 17:52:58] Lecteur T: - ignoré (LancerDemarrage = false)
[2025-11-12 17:52:59] Lecteur U: déjà monté
[2025-11-12 17:52:59] Lecteur W: - ignoré (LancerDemarrage = false)
[2025-11-12 17:52:59] Lecteur X: - ignoré (LancerDemarrage = false)
[2025-11-12 17:52:59] Lecteur Y: - ignoré (LancerDemarrage = false)
[2025-11-12 17:52:59] Lecteur Z: - ignoré (LancerDemarrage = false)
[2025-11-12 17:52:59] Lecteur Z: - ignoré (LancerDemarrage = false)
[2025-11-12 17:52:59] Lecteur Z: - ignoré (LancerDemarrage = false)
[2025-11-12 17:52:59] Montage automatique terminé - 0 lecteur(s) monté(s)
[2025-11-12 17:53:00] Construction du menu contextuel
[2025-11-12 17:53:00] Ajout des element de C:\Users\ebadiou\OneDrive - SAVOYE\Documents\__PERSO__\____Raccourci____
[2025-11-12 17:53:00] Ajout de 2 elements
[2025-11-12 17:53:00] Ajout de 7 elements
[2025-11-12 17:53:00] Ajout de 11 elements
[2025-11-12 17:53:01] Ajout de 3 elements
[2025-11-12 17:53:01] Ajout de 7 elements
[2025-11-12 17:53:01] Ajout de 8 elements
[2025-11-12 17:53:01] Ajout de 6 elements
[2025-11-12 17:53:01] Ajout de 4 elements
[2025-11-12 17:53:01] Ajout de 5 elements
[2025-11-12 17:53:01] Ajout de 4 elements
[2025-11-12 17:53:01] Ajout de 2 elements
[2025-11-12 17:53:01] Ajout de 2 elements
[2025-11-12 17:53:01] Ajout de séparateur
[2025-11-12 17:53:01] Configuration du FileSystemWatcher
[2025-11-12 17:53:01] FileSystemWatcher activé
[2025-11-12 17:53:03] MouseClick R: Affichage immédiat du menu contextuel.
[2025-11-12 17:53:04] Ouverture du gestionnaire de lecteurs réseau
[2025-11-12 17:53:08] MouseClick R: Affichage immédiat du menu contextuel.
[2025-11-12 17:53:10] Ouverture de l'outil de sauvegarde
[2025-11-12 17:53:36] MouseClick R: Affichage immédiat du menu contextuel.
