[2025-11-07 18:48:28] === Démarrage de l'application LanceurRaccourcis ===
[2025-11-07 18:48:28] Initialisation de TrayApplicationContext
[2025-11-07 18:48:28] Chargement de la configuration
[2025-11-07 18:48:29] Utilisation du chemin par défaut: C:\Users\ebadiou\OneDrive - SAVOYE\Documents\LanceurRaccourcis
[2025-11-07 18:48:29] Début du montage automatique des lecteurs réseau
[2025-11-07 18:48:29] Construction du menu contextuel
[2025-11-07 18:48:29] Ajout des element de C:\Users\ebadiou\OneDrive - SAVOYE\Documents\LanceurRaccourcis
[2025-11-07 18:48:29] Ajout de 0 elements
[2025-11-07 18:48:29] Configuration du FileSystemWatcher
[2025-11-07 18:48:29] FileSystemWatcher activé
[2025-11-07 18:48:48] === Démarrage de l'application LanceurRaccourcis ===
[2025-11-07 18:48:48] Initialisation de TrayApplicationContext
[2025-11-07 18:48:48] Chargement de la configuration
[2025-11-07 18:48:48] Utilisation du chemin par défaut: C:\Users\ebadiou\OneDrive - SAVOYE\Documents\LanceurRaccourcis
[2025-11-07 18:48:48] Début du montage automatique des lecteurs réseau
[2025-11-07 18:48:48] Construction du menu contextuel
[2025-11-07 18:48:48] Ajout des element de C:\Users\ebadiou\OneDrive - SAVOYE\Documents\LanceurRaccourcis
[2025-11-07 18:48:48] Ajout de 0 elements
[2025-11-07 18:48:48] Configuration du FileSystemWatcher
[2025-11-07 18:48:48] FileSystemWatcher activé
[2025-11-07 18:50:14] MouseClick R: Affichage immédiat du menu contextuel.
[2025-11-07 18:50:15] Fermeture de l'application demandée
[2025-11-07 18:50:15] === Arrêt de l'application ===
[2025-11-07 18:50:16] MouseClick R: Affichage immédiat du menu contextuel.
[2025-11-07 18:50:17] Fermeture de l'application demandée
[2025-11-07 18:50:17] === Arrêt de l'application ===
